// Jest Snapshot v1, https://goo.gl/fbAQLP

exports[`Render element snapshot counter connect 1`] = `
"<div className={[undefined]}>
  <div>
    <span className={[undefined]}>
      Componente conectado - 
      <strong>
        Valor: 
        0
      </strong>
    </span>
  </div>
  <div>
    <Button onClick={{...}} className={[undefined]} disabled={false} color=\\"primary\\" size=\\"medium\\" type=\\"button\\" active={false}>
      Aumentar valor
    </Button>
    <Button onClick={{...}} className={[undefined]} disabled={false} color=\\"primary\\" size=\\"medium\\" type=\\"button\\" active={false}>
      Diminuir valor
    </Button>
    <Button onClick={{...}} className={[undefined]} disabled={false} color=\\"primary\\" size=\\"medium\\" type=\\"button\\" active={false}>
      Zerar
    </Button>
  </div>
</div>"
`;
