// Jest Snapshot v1, https://goo.gl/fbAQLP

exports[`not connect snapshot counter not connect 1`] = `
"<div>
  <h2>
    Componente não conectado
  </h2>
  <div className=\\"value\\">
    0
  </div>
  <div>
    <Button className=\\"increment-btn\\" onClick={[Function: handleIncrement]} disabled={false} color=\\"primary\\" size=\\"medium\\" type=\\"button\\" active={false}>
      Aumentar valor
    </Button>
    <Button className=\\"decrement-btn\\" onClick={[Function: handleDecrement]} disabled={false} color=\\"primary\\" size=\\"medium\\" type=\\"button\\" active={false}>
      Diminuir valor
    </Button>
    <Button className=\\"reset-btn\\" onClick={[Function: handleReset]} disabled={false} color=\\"primary\\" size=\\"medium\\" type=\\"button\\" active={false}>
      Zerar
    </Button>
  </div>
</div>"
`;
