// Jest Snapshot v1, https://goo.gl/fbAQLP

exports[`dependecies snapshot counter not connect 1`] = `
"<ul className={[undefined]}>
  <div className={[undefined]}>
    <Panel className={[undefined]} brand={{...}} title={false} size=\\"medium\\" loading={false} accordion={false} open={true}>
      <a href=\\"https://www.cypress.io/\\">
        <img width={50} height={50} src={{...}} alt=\\"Logo Redux\\" />
      </a>
      <span>
        Redux
      </span>
    </Panel>
    <Panel className={[undefined]} brand={{...}} title={false} size=\\"medium\\" loading={false} accordion={false} open={true}>
      <a href=\\"https://github.com/b2wads/grimorio-ui\\">
        <img width={50} height={50} src={{...}} alt=\\"Logo Eslint\\" />
      </a>
      <span>
        Eslint
      </span>
    </Panel>
    <Panel className={[undefined]} brand={{...}} title={false} size=\\"medium\\" loading={false} accordion={false} open={true}>
      <a href=\\"https://github.com/immerjs/immer\\">
        <img width={50} height={50} src={{...}} alt=\\"Logo Prettier\\" />
      </a>
      <span>
        Prettier
      </span>
    </Panel>
  </div>
  <div className={[undefined]}>
    <Panel className={[undefined]} brand={{...}} title={false} size=\\"medium\\" loading={false} accordion={false} open={true}>
      <a href=\\"https://www.cypress.io/\\">
        <img width={50} height={50} src={{...}} alt=\\"Logo Jest\\" />
      </a>
      <span>
        Jest
      </span>
    </Panel>
    <Panel className={[undefined]} brand={{...}} title={false} size=\\"medium\\" loading={false} accordion={false} open={true}>
      <a href=\\"https://github.com/b2wads/grimorio-ui\\">
        <img width={50} height={50} src={{...}} alt=\\"Logo Stylus\\" />
      </a>
      <span>
        Stylus
      </span>
    </Panel>
    <Panel className={[undefined]} brand={{...}} title={false} size=\\"medium\\" loading={false} accordion={false} open={true}>
      <a href=\\"https://github.com/immerjs/immer\\">
        <img width={50} height={50} src={{...}} alt=\\"Logo React-router-dom\\" />
      </a>
      <span>
        React-router-dom
      </span>
    </Panel>
  </div>
  <div className={[undefined]}>
    <Panel className={[undefined]} brand={{...}} title={false} size=\\"medium\\" loading={false} accordion={false} open={true}>
      <a href=\\"https://www.cypress.io/\\">
        <img width={50} height={50} src={{...}} alt=\\"Logo Cypress\\" />
      </a>
      <span>
        Cypress
      </span>
    </Panel>
    <Panel className={[undefined]} brand={{...}} title={false} size=\\"medium\\" loading={false} accordion={false} open={true}>
      <a href=\\"https://github.com/b2wads/grimorio-ui\\">
        <img width={50} height={50} src={{...}} alt=\\"Logo Grimorio\\" />
      </a>
      <span>
        Grimorio
      </span>
    </Panel>
    <Panel className={[undefined]} brand={{...}} title={false} size=\\"medium\\" loading={false} accordion={false} open={true}>
      <a href=\\"https://github.com/immerjs/immer\\">
        <img width={50} height={50} src={{...}} alt=\\"Logo Immer\\" />
      </a>
      <span>
        Immer
      </span>
    </Panel>
  </div>
</ul>"
`;
