// Jest Snapshot v1, https://goo.gl/fbAQLP

exports[`snapshot counter connect 1`] = `
"<div>
  <h1>
    Componente conectado
  </h1>
  <div />
  <Button onClick={[undefined]} disabled={false} color=\\"primary\\" size=\\"medium\\" type=\\"button\\" className={[undefined]} active={false}>
    Aumentar valor
  </Button>
  <Button onClick={[undefined]} disabled={false} color=\\"primary\\" size=\\"medium\\" type=\\"button\\" className={[undefined]} active={false}>
    Diminuir valor
  </Button>
  <Button onClick={[undefined]} disabled={false} color=\\"primary\\" size=\\"medium\\" type=\\"button\\" className={[undefined]} active={false}>
    Zerar
  </Button>
</div>"
`;
